HTTP CODE: 200
RAW RESPONSE START >>>
Database connection failed: SQLSTATE[HY000] [2002] No connection could be made because the target machine actively refused it
<<< RAW RESPONSE END
